============================================================
Writile - Build .exe
============================================================

Log: D:\project\ai agent\xuexi\Writile\build.log

[1/5] Checking Python environment...
Python 3.14.6
Python 3.14.6

[2/5] Upgrading pip...
Looking in indexes: https://pypi.tuna.tsinghua.edu.cn/simple
Requirement already satisfied: pip in C:\Users\chengjinsong\AppData\Local\Programs\Python\Python314\Lib\site-packages (26.2.1)

203 INFO: PyInstaller: 6.22.0, contrib hooks: 2026.6
204 INFO: Python: 3.14.6
231 INFO: Platform: Windows-10-10.0.19045-SP0
231 INFO: Python environment: C:\Users\chengjinsong\AppData\Local\Programs\Python\Python314
235 INFO: Removing temporary files and cleaning cache in C:\Users\chengjinsong\AppData\Local\pyinstaller
340 INFO: Module search paths (PYTHONPATH):
['D:\\project\\ai agent\\xuexi\\Writile',
 'C:\\Users\\chengjinsong\\AppData\\Local\\Programs\\Python\\Python314\\python314.zip',
 'C:\\Users\\chengjinsong\\AppData\\Local\\Programs\\Python\\Python314\\DLLs',
 'C:\\Users\\chengjinsong\\AppData\\Local\\Programs\\Python\\Python314\\Lib',
 'C:\\Users\\chengjinsong\\AppData\\Local\\Programs\\Python\\Python314',
 'C:\\Users\\chengjinsong\\AppData\\Roaming\\Python\\Python314\\site-packages',
 'C:\\Users\\chengjinsong\\AppData\\Local\\Programs\\Python\\Python314\\Lib\\site-packages',
 'D:\\project\\ai agent\\xuexi\\Writile']
1783 INFO: Appending 'datas' from .spec
1783 INFO: checking Analysis
1783 INFO: Building Analysis because Analysis-00.toc is non existent
1783 INFO: Looking for Python shared library...
1783 INFO: Using Python shared library: C:\Users\chengjinsong\AppData\Local\Programs\Python\Python314\python314.dll
1783 INFO: Running Analysis Analysis-00.toc
1783 INFO: Target bytecode optimization level: 0
1784 INFO: Initializing module dependency graph...
1785 INFO: Initializing module graph hook caches...
1847 INFO: Analyzing modules for base_library.zip ...
4265 INFO: Processing standard module hook 'hook-math.py' from 'C:\\Users\\chengjinsong\\AppData\\Roaming\\Python\\Python314\\site-packages\\PyInstaller\\hooks'
4320 INFO: Processing standard module hook 'hook-heapq.py' from 'C:\\Users\\chengjinsong\\AppData\\Roaming\\Python\\Python314\\site-packages\\PyInstaller\\hooks'
5415 INFO: Processing standard module hook 'hook-encodings.py' from 'C:\\Users\\chengjinsong\\AppData\\Roaming\\Python\\Python314\\site-packages\\PyInstaller\\hooks'
6340 INFO: Processing standard module hook 'hook-pickle.py' from 'C:\\Users\\chengjinsong\\AppData\\Roaming\\Python\\Python314\\site-packages\\PyInstaller\\hooks'
7043 INFO: Processing standard module hook 'hook-difflib.py' from 'C:\\Users\\chengjinsong\\AppData\\Roaming\\Python\\Python314\\site-packages\\PyInstaller\\hooks'
13520 INFO: Caching module dependency graph...
13575 INFO: Analyzing D:\project\ai agent\xuexi\Writile\md_editor.py
13829 INFO: Processing standard module hook 'hook-PyQt6.py' from 'C:\\Users\\chengjinsong\\AppData\\Roaming\\Python\\Python314\\site-packages\\PyInstaller\\hooks'
16456 INFO: Processing standard module hook 'hook-PyQt6.QtWidgets.py' from 'C:\\Users\\chengjinsong\\AppData\\Roaming\\Python\\Python314\\site-packages\\PyInstaller\\hooks'
20821 INFO: Processing standard module hook 'hook-PyQt6.QtCore.py' from 'C:\\Users\\chengjinsong\\AppData\\Roaming\\Python\\Python314\\site-packages\\PyInstaller\\hooks'
26678 INFO: Processing standard module hook 'hook-PyQt6.QtGui.py' from 'C:\\Users\\chengjinsong\\AppData\\Roaming\\Python\\Python314\\site-packages\\PyInstaller\\hooks'
46338 INFO: Processing standard module hook 'hook-PyQt6.QtWebEngineWidgets.py' from 'C:\\Users\\chengjinsong\\AppData\\Roaming\\Python\\Python314\\site-packages\\PyInstaller\\hooks'
47346 INFO: Processing standard module hook 'hook-PyQt6.QtNetwork.py' from 'C:\\Users\\chengjinsong\\AppData\\Roaming\\Python\\Python314\\site-packages\\PyInstaller\\hooks'
49738 INFO: Processing standard module hook 'hook-PyQt6.QtPrintSupport.py' from 'C:\\Users\\chengjinsong\\AppData\\Roaming\\Python\\Python314\\site-packages\\PyInstaller\\hooks'
50360 INFO: Processing standard module hook 'hook-PyQt6.QtWebChannel.py' from 'C:\\Users\\chengjinsong\\AppData\\Roaming\\Python\\Python314\\site-packages\\PyInstaller\\hooks'
51049 INFO: Processing standard module hook 'hook-PyQt6.QtWebEngineCore.py' from 'C:\\Users\\chengjinsong\\AppData\\Roaming\\Python\\Python314\\site-packages\\PyInstaller\\hooks'
53134 INFO: Processing standard module hook 'hook-webbrowser.py' from 'C:\\Users\\chengjinsong\\AppData\\Roaming\\Python\\Python314\\site-packages\\PyInstaller\\hooks'
53261 INFO: Processing standard module hook 'hook-sysconfig.py' from 'C:\\Users\\chengjinsong\\AppData\\Roaming\\Python\\Python314\\site-packages\\PyInstaller\\hooks'
53283 INFO: Processing standard module hook 'hook-_ctypes.py' from 'C:\\Users\\chengjinsong\\AppData\\Roaming\\Python\\Python314\\site-packages\\PyInstaller\\hooks'
53487 INFO: Processing module hooks (post-graph stage)...
53690 INFO: Processing standard module hook 'hook-PyQt6.QtPositioning.py' from 'C:\\Users\\chengjinsong\\AppData\\Roaming\\Python\\Python314\\site-packages\\PyInstaller\\hooks'
54826 INFO: Processing standard module hook 'hook-PyQt6.QtQuick.py' from 'C:\\Users\\chengjinsong\\AppData\\Roaming\\Python\\Python314\\site-packages\\PyInstaller\\hooks'
55687 INFO: Processing standard module hook 'hook-PyQt6.QtQml.py' from 'C:\\Users\\chengjinsong\\AppData\\Roaming\\Python\\Python314\\site-packages\\PyInstaller\\hooks'
68447 INFO: Processing standard module hook 'hook-PyQt6.QtOpenGL.py' from 'C:\\Users\\chengjinsong\\AppData\\Roaming\\Python\\Python314\\site-packages\\PyInstaller\\hooks'
69328 INFO: Processing standard module hook 'hook-PyQt6.QtQuickWidgets.py' from 'C:\\Users\\chengjinsong\\AppData\\Roaming\\Python\\Python314\\site-packages\\PyInstaller\\hooks'
69797 INFO: Performing binary vs. data reclassification (1591 entries)
81349 INFO: Looking for ctypes DLLs
81368 INFO: Analyzing run-time hooks ...
81370 INFO: Including run-time hook 'pyi_rth_pyqt6.py' from 'C:\\Users\\chengjinsong\\AppData\\Roaming\\Python\\Python314\\site-packages\\PyInstaller\\hooks\\rthooks'
81384 INFO: Processing pre-find-module-path hook 'hook-_pyi_rth_utils.py' from 'C:\\Users\\chengjinsong\\AppData\\Roaming\\Python\\Python314\\site-packages\\PyInstaller\\hooks\\pre_find_module_path'
81396 INFO: Processing standard module hook 'hook-_pyi_rth_utils.py' from 'C:\\Users\\chengjinsong\\AppData\\Roaming\\Python\\Python314\\site-packages\\PyInstaller\\hooks'
81418 INFO: Including run-time hook 'pyi_rth_inspect.py' from 'C:\\Users\\chengjinsong\\AppData\\Roaming\\Python\\Python314\\site-packages\\PyInstaller\\hooks\\rthooks'
81431 INFO: Including run-time hook 'pyi_rth_pkgutil.py' from 'C:\\Users\\chengjinsong\\AppData\\Roaming\\Python\\Python314\\site-packages\\PyInstaller\\hooks\\rthooks'
81491 INFO: Creating base_library.zip...
81558 INFO: Looking for dynamic libraries
81711 INFO: Extra DLL search directories (AddDllDirectory): ['C:\\Users\\chengjinsong\\AppData\\Roaming\\Python\\Python314\\site-packages\\PyQt6\\Qt6\\bin']
81711 INFO: Extra DLL search directories (PATH): ['C:\\Users\\chengjinsong\\AppData\\Roaming\\Python\\Python314\\site-packages\\PyQt6\\Qt6\\bin']
84891 INFO: Warnings written to D:\project\ai agent\xuexi\Writile\build\build\warn-build.txt
84913 INFO: Graph cross-reference written to D:\project\ai agent\xuexi\Writile\build\build\xref-build.html
85034 INFO: checking PYZ
85034 INFO: Building PYZ because PYZ-00.toc is non existent
85034 INFO: Building PYZ (ZlibArchive) D:\project\ai agent\xuexi\Writile\build\build\PYZ-00.pyz
85168 INFO: Building PYZ (ZlibArchive) D:\project\ai agent\xuexi\Writile\build\build\PYZ-00.pyz completed successfully.
85214 INFO: checking PKG
85214 INFO: Building PKG because PKG-00.toc is non existent
85214 INFO: Building PKG (CArchive) Writile.pkg
109656 INFO: Building PKG (CArchive) Writile.pkg completed successfully.
109714 INFO: Bootloader C:\Users\chengjinsong\AppData\Roaming\Python\Python314\site-packages\PyInstaller\bootloader\Windows-64bit-intel\runw.exe
109714 INFO: checking EXE
109714 INFO: Building EXE because EXE-00.toc is non existent
109714 INFO: Building EXE from EXE-00.toc
109715 INFO: Copying bootloader EXE to D:\project\ai agent\xuexi\Writile\dist\Writile.exe
109848 INFO: Copying icon to EXE
109904 INFO: Copying 0 resources to EXE
109904 INFO: Embedding manifest in EXE
109957 INFO: Appending PKG archive to EXE
110131 INFO: Fixing EXE headers
114151 INFO: Building EXE from EXE-00.toc completed successfully.
114205 INFO: Build complete! The results are available in: D:\project\ai agent\xuexi\Writile\dist

============================================================
Build SUCCESS
Output: D:\project\ai agent\xuexi\Writile\dist\Writile.exe
Log  : D:\project\ai agent\xuexi\Writile\build.log
============================================================

Looking in indexes: https://pypi.tuna.tsinghua.edu.cn/simple
Requirement already satisfied: PyQt6>=6.6.0 in C:\Users\chengjinsong\AppData\Roaming\Python\Python314\site-packages (from -r requirements.txt (line 1)) (6.11.0)
Requirement already satisfied: PyQt6-WebEngine>=6.6.0 in C:\Users\chengjinsong\AppData\Roaming\Python\Python314\site-packages (from -r requirements.txt (line 2)) (6.11.0)
Requirement already satisfied: pyinstaller>=6.0 in C:\Users\chengjinsong\AppData\Roaming\Python\Python314\site-packages (from -r requirements.txt (line 3)) (6.22.0)
Requirement already satisfied: PyQt6-sip<14,>=13.8 in C:\Users\chengjinsong\AppData\Roaming\Python\Python314\site-packages (from PyQt6>=6.6.0->-r requirements.txt (line 1)) (13.12.0)
Requirement already satisfied: PyQt6-Qt6<6.12.0,>=6.11.0 in C:\Users\chengjinsong\AppData\Roaming\Python\Python314\site-packages (from PyQt6>=6.6.0->-r requirements.txt (line 1)) (6.11.1)
Requirement already satisfied: PyQt6-WebEngine-Qt6<6.12.0,>=6.11.0 in C:\Users\chengjinsong\AppData\Roaming\Python\Python314\site-packages (from PyQt6-WebEngine>=6.6.0->-r requirements.txt (line 2)) (6.11.1)
Requirement already satisfied: altgraph in C:\Users\chengjinsong\AppData\Roaming\Python\Python314\site-packages (from pyinstaller>=6.0->-r requirements.txt (line 3)) (0.17.5)
Requirement already satisfied: packaging>=22.0 in C:\Users\chengjinsong\AppData\Roaming\Python\Python314\site-packages (from pyinstaller>=6.0->-r requirements.txt (line 3)) (26.2)
Requirement already satisfied: pefile>=2022.5.30 in C:\Users\chengjinsong\AppData\Roaming\Python\Python314\site-packages (from pyinstaller>=6.0->-r requirements.txt (line 3)) (2024.8.26)
Requirement already satisfied: pyinstaller-hooks-contrib>=2026.6 in C:\Users\chengjinsong\AppData\Roaming\Python\Python314\site-packages (from pyinstaller>=6.0->-r requirements.txt (line 3)) (2026.6)
Requirement already satisfied: pywin32-ctypes>=0.2.1 in C:\Users\chengjinsong\AppData\Roaming\Python\Python314\site-packages (from pyinstaller>=6.0->-r requirements.txt (line 3)) (0.2.3)
Requirement already satisfied: setuptools>=42.0.0 in C:\Users\chengjinsong\AppData\Roaming\Python\Python314\site-packages (from pyinstaller>=6.0->-r requirements.txt (line 3)) (84.0.0)
Action: Close Explorer windows showing "D:\project\ai agent\xuexi\Writile\dist" then retry.
[4/5] Cleaning old build files...
错误: 没有找到进程 "Writile.exe"。

[5/5] Building executable... (This may take a few minutes

229 INFO: PyInstaller: 6.22.0, contrib hooks: 2026.6
229 INFO: Python: 3.14.6
261 INFO: Platform: Windows-10-10.0.19045-SP0
261 INFO: Python environment: C:\Users\chengjinsong\AppData\Local\Programs\Python\Python314
264 INFO: Removing temporary files and cleaning cache in C:\Users\chengjinsong\AppData\Local\pyinstaller
265 INFO: Module search paths (PYTHONPATH):
['D:\\project\\ai agent\\xuexi\\Writile',
 'C:\\Users\\chengjinsong\\AppData\\Local\\Programs\\Python\\Python314\\python314.zip',
 'C:\\Users\\chengjinsong\\AppData\\Local\\Programs\\Python\\Python314\\DLLs',
 'C:\\Users\\chengjinsong\\AppData\\Local\\Programs\\Python\\Python314\\Lib',
 'C:\\Users\\chengjinsong\\AppData\\Local\\Programs\\Python\\Python314',
 'C:\\Users\\chengjinsong\\AppData\\Roaming\\Python\\Python314\\site-packages',
 'C:\\Users\\chengjinsong\\AppData\\Local\\Programs\\Python\\Python314\\Lib\\site-packages',
 'D:\\project\\ai agent\\xuexi\\Writile']
720 INFO: Appending 'datas' from .spec
721 INFO: checking Analysis
721 INFO: Building Analysis because Analysis-00.toc is non existent
721 INFO: Looking for Python shared library...
721 INFO: Using Python shared library: C:\Users\chengjinsong\AppData\Local\Programs\Python\Python314\python314.dll
721 INFO: Running Analysis Analysis-00.toc
721 INFO: Target bytecode optimization level: 0
721 INFO: Initializing module dependency graph...
722 INFO: Initializing module graph hook caches...
739 INFO: Analyzing modules for base_library.zip ...
3096 INFO: Processing standard module hook 'hook-encodings.py' from 'C:\\Users\\chengjinsong\\AppData\\Roaming\\Python\\Python314\\site-packages\\PyInstaller\\hooks'
3624 INFO: Processing standard module hook 'hook-math.py' from 'C:\\Users\\chengjinsong\\AppData\\Roaming\\Python\\Python314\\site-packages\\PyInstaller\\hooks'
4262 INFO: Processing standard module hook 'hook-pickle.py' from 'C:\\Users\\chengjinsong\\AppData\\Roaming\\Python\\Python314\\site-packages\\PyInstaller\\hooks'
4557 INFO: Processing standard module hook 'hook-difflib.py' from 'C:\\Users\\chengjinsong\\AppData\\Roaming\\Python\\Python314\\site-packages\\PyInstaller\\hooks'
4575 INFO: Processing standard module hook 'hook-heapq.py' from 'C:\\Users\\chengjinsong\\AppData\\Roaming\\Python\\Python314\\site-packages\\PyInstaller\\hooks'
8410 INFO: Caching module dependency graph...
8469 INFO: Analyzing D:\project\ai agent\xuexi\Writile\md_editor.py
8723 INFO: Processing standard module hook 'hook-PyQt6.py' from 'C:\\Users\\chengjinsong\\AppData\\Roaming\\Python\\Python314\\site-packages\\PyInstaller\\hooks'
10796 INFO: Processing standard module hook 'hook-PyQt6.QtWidgets.py' from 'C:\\Users\\chengjinsong\\AppData\\Roaming\\Python\\Python314\\site-packages\\PyInstaller\\hooks'
15077 INFO: Processing standard module hook 'hook-PyQt6.QtCore.py' from 'C:\\Users\\chengjinsong\\AppData\\Roaming\\Python\\Python314\\site-packages\\PyInstaller\\hooks'
20909 INFO: Processing standard module hook 'hook-PyQt6.QtGui.py' from 'C:\\Users\\chengjinsong\\AppData\\Roaming\\Python\\Python314\\site-packages\\PyInstaller\\hooks'
40452 INFO: Processing standard module hook 'hook-PyQt6.QtWebEngineWidgets.py' from 'C:\\Users\\chengjinsong\\AppData\\Roaming\\Python\\Python314\\site-packages\\PyInstaller\\hooks'
41456 INFO: Processing standard module hook 'hook-PyQt6.QtNetwork.py' from 'C:\\Users\\chengjinsong\\AppData\\Roaming\\Python\\Python314\\site-packages\\PyInstaller\\hooks'
43858 INFO: Processing standard module hook 'hook-PyQt6.QtPrintSupport.py' from 'C:\\Users\\chengjinsong\\AppData\\Roaming\\Python\\Python314\\site-packages\\PyInstaller\\hooks'
44460 INFO: Processing standard module hook 'hook-PyQt6.QtWebChannel.py' from 'C:\\Users\\chengjinsong\\AppData\\Roaming\\Python\\Python314\\site-packages\\PyInstaller\\hooks'
45108 INFO: Processing standard module hook 'hook-PyQt6.QtWebEngineCore.py' from 'C:\\Users\\chengjinsong\\AppData\\Roaming\\Python\\Python314\\site-packages\\PyInstaller\\hooks'
47178 INFO: Processing standard module hook 'hook-webbrowser.py' from 'C:\\Users\\chengjinsong\\AppData\\Roaming\\Python\\Python314\\site-packages\\PyInstaller\\hooks'
47261 INFO: Processing standard module hook 'hook-sysconfig.py' from 'C:\\Users\\chengjinsong\\AppData\\Roaming\\Python\\Python314\\site-packages\\PyInstaller\\hooks'
47268 INFO: Processing standard module hook 'hook-_ctypes.py' from 'C:\\Users\\chengjinsong\\AppData\\Roaming\\Python\\Python314\\site-packages\\PyInstaller\\hooks'
47448 INFO: Processing module hooks (post-graph stage)...
47660 INFO: Processing standard module hook 'hook-PyQt6.QtPositioning.py' from 'C:\\Users\\chengjinsong\\AppData\\Roaming\\Python\\Python314\\site-packages\\PyInstaller\\hooks'
48742 INFO: Processing standard module hook 'hook-PyQt6.QtQuick.py' from 'C:\\Users\\chengjinsong\\AppData\\Roaming\\Python\\Python314\\site-packages\\PyInstaller\\hooks'
49577 INFO: Processing standard module hook 'hook-PyQt6.QtQml.py' from 'C:\\Users\\chengjinsong\\AppData\\Roaming\\Python\\Python314\\site-packages\\PyInstaller\\hooks'
61527 INFO: Processing standard module hook 'hook-PyQt6.QtOpenGL.py' from 'C:\\Users\\chengjinsong\\AppData\\Roaming\\Python\\Python314\\site-packages\\PyInstaller\\hooks'
62344 INFO: Processing standard module hook 'hook-PyQt6.QtQuickWidgets.py' from 'C:\\Users\\chengjinsong\\AppData\\Roaming\\Python\\Python314\\site-packages\\PyInstaller\\hooks'
62758 INFO: Performing binary vs. data reclassification (1591 entries)
62991 INFO: Looking for ctypes DLLs
63008 INFO: Analyzing run-time hooks ...
63011 INFO: Including run-time hook 'pyi_rth_pyqt6.py' from 'C:\\Users\\chengjinsong\\AppData\\Roaming\\Python\\Python314\\site-packages\\PyInstaller\\hooks\\rthooks'
63016 INFO: Processing pre-find-module-path hook 'hook-_pyi_rth_utils.py' from 'C:\\Users\\chengjinsong\\AppData\\Roaming\\Python\\Python314\\site-packages\\PyInstaller\\hooks\\pre_find_module_path'
63018 INFO: Processing standard module hook 'hook-_pyi_rth_utils.py' from 'C:\\Users\\chengjinsong\\AppData\\Roaming\\Python\\Python314\\site-packages\\PyInstaller\\hooks'
63023 INFO: Including run-time hook 'pyi_rth_inspect.py' from 'C:\\Users\\chengjinsong\\AppData\\Roaming\\Python\\Python314\\site-packages\\PyInstaller\\hooks\\rthooks'
63026 INFO: Including run-time hook 'pyi_rth_pkgutil.py' from 'C:\\Users\\chengjinsong\\AppData\\Roaming\\Python\\Python314\\site-packages\\PyInstaller\\hooks\\rthooks'
63079 INFO: Creating base_library.zip...
63104 INFO: Looking for dynamic libraries
63256 INFO: Extra DLL search directories (AddDllDirectory): ['C:\\Users\\chengjinsong\\AppData\\Roaming\\Python\\Python314\\site-packages\\PyQt6\\Qt6\\bin']
63256 INFO: Extra DLL search directories (PATH): ['C:\\Users\\chengjinsong\\AppData\\Roaming\\Python\\Python314\\site-packages\\PyQt6\\Qt6\\bin']
66351 INFO: Warnings written to D:\project\ai agent\xuexi\Writile\build\build\warn-build.txt
66377 INFO: Graph cross-reference written to D:\project\ai agent\xuexi\Writile\build\build\xref-build.html
66454 INFO: checking PYZ
66454 INFO: Building PYZ because PYZ-00.toc is non existent
66454 INFO: Building PYZ (ZlibArchive) D:\project\ai agent\xuexi\Writile\build\build\PYZ-00.pyz
66592 INFO: Building PYZ (ZlibArchive) D:\project\ai agent\xuexi\Writile\build\build\PYZ-00.pyz completed successfully.
66631 INFO: checking PKG
66632 INFO: Building PKG because PKG-00.toc is non existent
66632 INFO: Building PKG (CArchive) Writile.pkg
90740 INFO: Building PKG (CArchive) Writile.pkg completed successfully.
90794 INFO: Bootloader C:\Users\chengjinsong\AppData\Roaming\Python\Python314\site-packages\PyInstaller\bootloader\Windows-64bit-intel\runw.exe
90795 INFO: checking EXE
90795 INFO: Building EXE because EXE-00.toc is non existent
90795 INFO: Building EXE from EXE-00.toc
90795 INFO: Copying bootloader EXE to D:\project\ai agent\xuexi\Writile\dist\Writile.exe
90855 INFO: Copying icon to EXE
90914 INFO: Copying 0 resources to EXE
90914 INFO: Embedding manifest in EXE
90966 INFO: Appending PKG archive to EXE
91149 INFO: Fixing EXE headers
94739 INFO: Building EXE from EXE-00.toc completed successfully.
94798 INFO: Build complete! The results are available in: D:\project\ai agent\xuexi\Writile\dist

============================================================
Build SUCCESS
Output: D:\project\ai agent\xuexi\Writile\dist\Writile.exe
Log  : D:\project\ai agent\xuexi\Writile\build.log
============================================================

